------------------------------------------------------------
TimeQuest Timing Analyzer Summary
------------------------------------------------------------

Type  : Slow 1200mV 85C Model Setup 'CLOCK_50'
Slack : -6.400
TNS   : -440.418

Type  : Slow 1200mV 85C Model Setup 'audioProcessor:inst|codecInterface:codecInt|bclk'
Slack : -0.207
TNS   : -0.408

Type  : Slow 1200mV 85C Model Setup 'audioProcessor:inst|state[0]'
Slack : 0.461
TNS   : 0.000

Type  : Slow 1200mV 85C Model Hold 'audioProcessor:inst|state[0]'
Slack : -0.603
TNS   : -8.051

Type  : Slow 1200mV 85C Model Hold 'CLOCK_50'
Slack : 0.329
TNS   : 0.000

Type  : Slow 1200mV 85C Model Hold 'audioProcessor:inst|codecInterface:codecInt|bclk'
Slack : 0.406
TNS   : 0.000

Type  : Slow 1200mV 85C Model Minimum Pulse Width 'CLOCK_50'
Slack : -3.000
TNS   : -165.593

Type  : Slow 1200mV 85C Model Minimum Pulse Width 'audioProcessor:inst|state[0]'
Slack : -1.285
TNS   : -23.258

Type  : Slow 1200mV 85C Model Minimum Pulse Width 'audioProcessor:inst|codecInterface:codecInt|bclk'
Slack : -1.285
TNS   : -5.140

Type  : Slow 1200mV 0C Model Setup 'CLOCK_50'
Slack : -5.702
TNS   : -393.790

Type  : Slow 1200mV 0C Model Setup 'audioProcessor:inst|codecInterface:codecInt|bclk'
Slack : -0.088
TNS   : -0.170

Type  : Slow 1200mV 0C Model Setup 'audioProcessor:inst|state[0]'
Slack : 0.458
TNS   : 0.000

Type  : Slow 1200mV 0C Model Hold 'audioProcessor:inst|state[0]'
Slack : -0.506
TNS   : -6.497

Type  : Slow 1200mV 0C Model Hold 'CLOCK_50'
Slack : 0.332
TNS   : 0.000

Type  : Slow 1200mV 0C Model Hold 'audioProcessor:inst|codecInterface:codecInt|bclk'
Slack : 0.356
TNS   : 0.000

Type  : Slow 1200mV 0C Model Minimum Pulse Width 'CLOCK_50'
Slack : -3.000
TNS   : -164.889

Type  : Slow 1200mV 0C Model Minimum Pulse Width 'audioProcessor:inst|state[0]'
Slack : -1.285
TNS   : -23.120

Type  : Slow 1200mV 0C Model Minimum Pulse Width 'audioProcessor:inst|codecInterface:codecInt|bclk'
Slack : -1.285
TNS   : -5.140

Type  : Fast 1200mV 0C Model Setup 'CLOCK_50'
Slack : -2.731
TNS   : -164.788

Type  : Fast 1200mV 0C Model Setup 'audioProcessor:inst|codecInterface:codecInt|bclk'
Slack : 0.405
TNS   : 0.000

Type  : Fast 1200mV 0C Model Setup 'audioProcessor:inst|state[0]'
Slack : 0.490
TNS   : 0.000

Type  : Fast 1200mV 0C Model Hold 'audioProcessor:inst|state[0]'
Slack : -0.161
TNS   : -1.944

Type  : Fast 1200mV 0C Model Hold 'CLOCK_50'
Slack : 0.125
TNS   : 0.000

Type  : Fast 1200mV 0C Model Hold 'audioProcessor:inst|codecInterface:codecInt|bclk'
Slack : 0.182
TNS   : 0.000

Type  : Fast 1200mV 0C Model Minimum Pulse Width 'CLOCK_50'
Slack : -3.000
TNS   : -145.256

Type  : Fast 1200mV 0C Model Minimum Pulse Width 'audioProcessor:inst|state[0]'
Slack : -1.000
TNS   : -16.000

Type  : Fast 1200mV 0C Model Minimum Pulse Width 'audioProcessor:inst|codecInterface:codecInt|bclk'
Slack : -1.000
TNS   : -4.000

------------------------------------------------------------
